---
http_interactions:
- request:
    method: get
    uri: http://jdoe:password@localhost:8080/hawkular/inventory/traversal/f;does%20not%20exist/type=rt
    body:
      encoding: US-ASCII
      string: ''
    headers:
      Accept:
      - application/json
      Accept-Encoding:
      - identity
      User-Agent:
      - hawkular-client-ruby
      Hawkular-Tenant:
      - hawkular
      Content-Type:
      - application/json
      Host:
      - localhost:8080
  response:
    status:
      code: 200
      message: OK
    headers:
      Expires:
      - '0'
      Cache-Control:
      - no-cache, no-store, must-revalidate
      X-Powered-By:
      - Undertow/1
      Server:
      - WildFly/10
      Pragma:
      - no-cache
      Date:
      - Sat, 22 Apr 2017 17:52:23 GMT
      X-Total-Count:
      - '0'
      Connection:
      - keep-alive
      Content-Type:
      - application/json
      Content-Length:
      - '3'
      Link:
      - <http://localhost:8080/hawkular/inventory/traversal/f;does%20not%20exist/type=rt>;
        rel="current"
    body:
      encoding: UTF-8
      string: "[ ]"
    http_version: 
  recorded_at: Sat, 22 Apr 2017 17:52:23 GMT
- request:
    method: get
    uri: http://jdoe:password@localhost:8080/hawkular/inventory/traversal/f;does%20not%20exist/type=rt
    body:
      encoding: US-ASCII
      string: ''
    headers:
      Accept:
      - application/json
      Accept-Encoding:
      - identity
      User-Agent:
      - hawkular-client-ruby
      Hawkular-Tenant:
      - hawkular
      Content-Type:
      - application/json
      Host:
      - localhost:8080
  response:
    status:
      code: 200
      message: OK
    headers:
      Expires:
      - '0'
      Cache-Control:
      - no-cache, no-store, must-revalidate
      X-Powered-By:
      - Undertow/1
      Server:
      - WildFly/10
      Pragma:
      - no-cache
      Date:
      - Sat, 22 Apr 2017 17:52:23 GMT
      X-Total-Count:
      - '0'
      Connection:
      - keep-alive
      Content-Type:
      - application/json
      Content-Length:
      - '3'
      Link:
      - <http://localhost:8080/hawkular/inventory/traversal/f;does%20not%20exist/type=rt>;
        rel="current"
    body:
      encoding: UTF-8
      string: "[ ]"
    http_version: 
  recorded_at: Sat, 22 Apr 2017 17:52:23 GMT
- request:
    method: post
    uri: http://jdoe:password@localhost:8080/hawkular/metrics/strings/raw/query
    body:
      encoding: UTF-8
      string: '{"fromEarliest":true,"order":"DESC","tags":"module:inventory,feed:does%20not%20exist,type:rt"}'
    headers:
      Accept:
      - application/json
      Accept-Encoding:
      - identity
      User-Agent:
      - hawkular-client-ruby
      Hawkular-Tenant:
      - hawkular
      Content-Type:
      - application/json
      Content-Length:
      - '94'
  response:
    status:
      code: 204
      message: No Content
    headers:
      Expires:
      - '0'
      Cache-Control:
      - no-cache, no-store, must-revalidate
      X-Powered-By:
      - Undertow/1
      Server:
      - WildFly/10
      Pragma:
      - no-cache
      Date:
      - Tue, 25 Apr 2017 14:35:45 GMT
    body:
      encoding: UTF-8
      string: ''
    http_version: 
  recorded_at: Tue, 25 Apr 2017 14:35:45 GMT
- request:
    method: post
    uri: http://jdoe:password@localhost:8080/hawkular/metrics/strings/raw/query
    body:
      encoding: UTF-8
      string: '{"fromEarliest":true,"order":"DESC","tags":"module:inventory,feed:does%20not%20exist,type:rt"}'
    headers:
      Accept:
      - application/json
      Accept-Encoding:
      - identity
      User-Agent:
      - hawkular-client-ruby
      Hawkular-Tenant:
      - hawkular
      Content-Type:
      - application/json
      Content-Length:
      - '94'
  response:
    status:
      code: 204
      message: No Content
    headers:
      Expires:
      - '0'
      Cache-Control:
      - no-cache, no-store, must-revalidate
      X-Powered-By:
      - Undertow/1
      Server:
      - WildFly/10
      Pragma:
      - no-cache
      Date:
      - Tue, 25 Apr 2017 14:35:45 GMT
    body:
      encoding: UTF-8
      string: ''
    http_version: 
  recorded_at: Tue, 25 Apr 2017 14:35:45 GMT
recorded_with: VCR 3.0.3
